============================= test session starts =============================
platform win32 -- Python 3.14.3, pytest-9.0.2, pluggy-1.6.0 -- C:\Users\david\AppData\Local\Python\pythoncore-3.14-64\python.exe
cachedir: .pytest_cache
rootdir: C:\Users\david\OneDrive\Escritorio\RITA\backend
plugins: anyio-4.12.1, asyncio-1.3.0, cov-7.0.0
asyncio: mode=Mode.STRICT, debug=False, asyncio_default_fixture_loop_scope=None, asyncio_default_test_loop_scope=function
collecting ... collected 3 items

tests/test_routine_awareness.py::test_meal_miss_mild_deviation PASSED    [ 33%]
tests/test_routine_awareness.py::test_multiple_misses_scaling PASSED     [ 66%]
tests/test_routine_awareness.py::test_miss_with_recovery PASSED          [100%]

============================== 3 passed in 0.29s ==============================
